'Kautz3.edge_iff_original' does not depend on any axioms
'Kautz3.distance_walk' does not depend on any axioms
'Kautz3.distance_le_walk' depends on axioms: [propext, Classical.choice, Quot.sound]
'Kautz3.distance_triangle' depends on axioms: [propext, Classical.choice, Quot.sound]
'Kautz3.walk_to_simple_path' depends on axioms: [propext, Quot.sound]
'Kautz3.shortest_simple_path' depends on axioms: [propext, Classical.choice, Quot.sound]
'Kautz3.ListedWalk.shortest_is_simple' depends on axioms: [propext, Classical.choice, Quot.sound]
'Kautz3.distanceGP_iff_original' depends on axioms: [propext, Classical.choice, Quot.sound]
'Kautz3.middlePeak_independent' depends on axioms: [propext, Classical.choice, Quot.sound]
'Kautz3.middlePeak_gp' depends on axioms: [propext, Classical.choice, Quot.sound]
'Kautz3.middlePeak_card' depends on axioms: [propext, Classical.choice, Quot.sound]
'Kautz3.exists_gp_squareSum' depends on axioms: [propext, Classical.choice, Quot.sound]
'Kautz3.squareSum_closed_form' depends on axioms: [propext, Classical.choice, Quot.sound]
'Kautz3.independent_card' depends on axioms: [propext, Classical.choice, Quot.sound]
'Kautz3.missing_first_card' depends on axioms: [propext, Classical.choice, Quot.sound]
'Kautz3.selected_cycle_card' depends on axioms: [propext, Classical.choice, Quot.sound]
'Kautz3.selected_digon_incidence' depends on axioms: [propext, Classical.choice, Quot.sound]
'Kautz3.count_three_letter_bound' depends on axioms: [propext, Classical.choice, Quot.sound]
'Kautz3.selected_arc_low_incidence' depends on axioms: [propext, Classical.choice, Quot.sound]
'Kautz3.deleteLetterSet_gp' depends on axioms: [propext, Classical.choice, Quot.sound]
'Kautz3.deleteLetterSet_card' depends on axioms: [propext, Classical.choice, Quot.sound]
'Kautz3.upper_bound' depends on axioms: [propext, Classical.choice, Quot.sound]
'Kautz3.original_upper_bound' depends on axioms: [propext, Classical.choice, Quot.sound]
'Kautz3.exact_cardinality' depends on axioms: [propext, Classical.choice, Quot.sound]
