'TriangleSwapSafety.no_diagonal_edge' depends on axioms: [propext, Classical.choice, Quot.sound]
'TriangleSwapSafety.graph_edgeSet_eq' depends on axioms: [propext, Classical.choice, Quot.sound]
'TriangleSwapSafety.triangle_edges_in_graph' depends on axioms: [propext, Classical.choice, Quot.sound]
'TriangleSwapSafety.complete_triangle_list' depends on axioms: [propext, Classical.choice, Quot.sound]
'TriangleSwapSafety.old_packing_valid' depends on axioms: [propext, Classical.choice, Quot.sound]
'TriangleSwapSafety.old_packing_card' depends on axioms: [propext, Classical.choice, Quot.sound]
'TriangleSwapSafety.old_support_card' depends on axioms: [propext, Classical.choice, Quot.sound]
'TriangleSwapSafety.outside_old' depends on axioms: [propext, Classical.choice, Quot.sound]
'TriangleSwapSafety.finite_packing_bounds' depends on axioms: [propext, Classical.choice, Quot.sound]
'TriangleSwapSafety.packing_card_le_three' depends on axioms: [propext, Classical.choice, Quot.sound]
'TriangleSwapSafety.maximum_packing_support_le_six' depends on axioms: [propext, Classical.choice, Quot.sound]
'TriangleSwapSafety.local_condition_holds' depends on axioms: [propext, Classical.choice, Quot.sound]
'TriangleSwapSafety.local_support_improves' depends on axioms: [propext, Classical.choice, Quot.sound]
'TriangleSwapSafety.retained_triangle_exact' depends on axioms: [propext, Classical.choice, Quot.sound]
'TriangleSwapSafety.shared_actual_edge' depends on axioms: [propext, Classical.choice, Quot.sound]
'TriangleSwapSafety.replacement_not_packing' depends on axioms: [propext, Classical.choice, Quot.sound]
'TriangleSwapSafety.replacement_support_card' depends on axioms: [propext, Classical.choice, Quot.sound]
'TriangleSwapSafety.maximum_support_local_swap_counterexample' depends on axioms: [propext,
 Classical.choice,
 Quot.sound]
'TriangleSwapSafety.local_condition_not_sufficient' depends on axioms: [propext, Classical.choice, Quot.sound]
