'TreeGPRank.follows_isPath' depends on axioms: [propext, Classical.choice, Quot.sound]
'TreeGPRank.every_path_shortest' depends on axioms: [propext, Classical.choice, Quot.sound]
'TreeGPRank.prefix_selected' depends on axioms: [propext, Classical.choice, Quot.sound]
'TreeGPRank.original_iff_path_count' depends on axioms: [propext, Classical.choice, Quot.sound]
'TreeGPRank.endpointRank_feasible' depends on axioms: [propext, Classical.choice, Quot.sound]
'TreeGPRank.path_count_iff_feasible' depends on axioms: [propext, Classical.choice, Quot.sound]
'TreeGPRank.forest_original_iff_feasible' depends on axioms: [propext, Classical.choice, Quot.sound]
'TreeGPRank.tree_original_iff_feasible' depends on axioms: [propext, Classical.choice, Quot.sound]
'TreeGPLeafLabels.chosen_le_one' depends on axioms: [propext, Classical.choice, Quot.sound]
'TreeGPLeafLabels.out_feasible' depends on axioms: [propext, Classical.choice, Quot.sound]
'TreeGPLeafLabels.in_feasible' depends on axioms: [propext, Classical.choice, Quot.sound]
'TreeGPLeafLabels.leaf_extension_exists' depends on axioms: [propext, Classical.choice, Quot.sound]
'TreeGPLeafLabels.out_restrict' depends on axioms: [propext, Classical.choice, Quot.sound]
'TreeGPLeafLabels.in_restrict' depends on axioms: [propext, Classical.choice, Quot.sound]
'TreeGPLeafCardinality.feasible_adapter' depends on axioms: [propext, Classical.choice, Quot.sound]
'TreeGPLeafCardinality.gpNumber_attained' depends on axioms: [propext, Classical.choice, Quot.sound]
'TreeGPLeafCardinality.gp_restrict' depends on axioms: [propext, Classical.choice, Quot.sound]
'TreeGPLeafCardinality.gpNumber_leaf_upper' depends on axioms: [propext, Classical.choice, Quot.sound]
'TreeGPLeafCardinality.gp_lift' depends on axioms: [propext, Classical.choice, Quot.sound]
'TreeGPLeafCardinality.gpNumber_leaf_two_values' depends on axioms: [propext, Classical.choice, Quot.sound]
'TreeGPLeafCardinality.gp_add_leaf' depends on axioms: [propext, Classical.choice, Quot.sound]
'TreeGPLeafCardinality.gpNumber_leaf_successor' depends on axioms: [propext, Classical.choice, Quot.sound]
'TreeGPLeafCardinality.successor_mem_spectrum' depends on axioms: [propext, Classical.choice, Quot.sound]
'TreeGPLeafCardinality.spectrum_leaf_subset' depends on axioms: [propext, Classical.choice, Quot.sound]
'TreeGPSpectrumInduction.core_isTree' depends on axioms: [propext, Classical.choice, Quot.sound]
'TreeGPSpectrumInduction.leafCoreIso' depends on axioms: [propext, Classical.choice, Quot.sound]
'TreeGPSpectrumInduction.leaf_iso_of_degree_one' depends on axioms: [propext, Classical.choice, Quot.sound]
'TreeGPSpectrumInduction.card_core_add_one' depends on axioms: [propext, Classical.choice, Quot.sound]
'TreeGPSpectrumInduction.finite_tree_leaf_decomposition' depends on axioms: [propext, Classical.choice, Quot.sound]
'TreeGPSpectrumInduction.finite_tree_leaf_induction' depends on axioms: [propext, Classical.choice, Quot.sound]
'TreeGPSpectrumInduction.interval_sandwich' depends on axioms: [propext, Classical.choice, Quot.sound]
'TreeGPSpectrumInduction.interval_from_leaf_steps' depends on axioms: [propext, Classical.choice, Quot.sound]
'TreeGPIsoTransport.orientationEquiv' depends on axioms: [propext, Quot.sound]
'TreeGPIsoTransport.follows_map_iff' depends on axioms: [propext, Quot.sound]
'TreeGPIsoTransport.isShortest_map_iff' depends on axioms: [propext, Quot.sound]
'TreeGPIsoTransport.isShortest_pull' depends on axioms: [propext, Quot.sound]
'TreeGPIsoTransport.originalGP_image_iff' depends on axioms: [propext, Quot.sound]
'TreeGPIsoTransport.originalGP_finset_map' depends on axioms: [propext, Classical.choice, Quot.sound]
'TreeGPIsoTransport.gpNumber_push' depends on axioms: [propext, Classical.choice, Quot.sound]
'TreeGPIsoTransport.spectrum_iso' depends on axioms: [propext, Classical.choice, Quot.sound]
'TreeGPSpectrumFinal.gpNumber_subsingleton' depends on axioms: [propext, Classical.choice, Quot.sound]
'TreeGPSpectrumFinal.spectrum_subsingleton' depends on axioms: [propext, Classical.choice, Quot.sound]
'TreeGPSpectrumFinal.leaf_interval' depends on axioms: [propext, Classical.choice, Quot.sound]
'TreeGPSpectrumFinal.finite_tree_spectrum_interval' depends on axioms: [propext, Classical.choice, Quot.sound]
